{"error":"Internal server error during chat"}
